
0it [00:00, ?it/s]
378it [00:00, 20254.05it/s]

  0%|          | 0/378 [00:00<?, ?it/s]
  2%|▏         | 7/378 [00:00<00:06, 54.93it/s]
  4%|▍         | 15/378 [00:00<00:06, 59.90it/s]
  6%|▌         | 23/378 [00:00<00:05, 60.68it/s]
  8%|▊         | 31/378 [00:00<00:05, 61.82it/s]
 10%|█         | 39/378 [00:00<00:05, 61.92it/s]
 12%|█▏        | 47/378 [00:00<00:05, 62.08it/s]
 15%|█▍        | 55/378 [00:00<00:05, 63.18it/s]
 17%|█▋        | 63/378 [00:01<00:04, 63.23it/s]
 19%|█▉        | 71/378 [00:02<00:24, 12.39it/s]
 20%|██        | 76/378 [00:03<00:23, 12.62it/s]
 21%|██        | 80/378 [00:03<00:20, 14.53it/s]
 22%|██▏       | 84/378 [00:03<00:17, 16.75it/s]
 23%|██▎       | 88/378 [00:03<00:15, 19.20it/s]
 24%|██▍       | 92/378 [00:03<00:13, 21.81it/s]
 25%|██▌       | 96/378 [00:03<00:11, 24.35it/s]
 26%|██▋       | 100/378 [00:03<00:10, 26.80it/s]
 28%|██▊       | 104/378 [00:03<00:09, 29.21it/s]
 29%|██▊       | 108/378 [00:04<00:08, 30.89it/s]
 30%|██▉       | 112/378 [00:04<00:08, 32.51it/s]
 31%|███       | 116/378 [00:04<00:07, 34.32it/s]
 32%|███▏      | 120/378 [00:04<00:07, 34.15it/s]
 33%|███▎      | 124/378 [00:04<00:07, 33.87it/s]
 34%|███▍      | 128/378 [00:04<00:07, 32.30it/s]
 36%|███▌      | 135/378 [00:04<00:05, 41.07it/s]
 38%|███▊      | 142/378 [00:04<00:04, 47.61it/s]
 39%|███▉      | 149/378 [00:04<00:04, 52.76it/s]
 41%|████▏     | 156/378 [00:05<00:03, 56.84it/s]
 43%|████▎     | 163/378 [00:05<00:03, 59.61it/s]
 45%|████▍     | 170/378 [00:05<00:03, 61.73it/s]
 47%|████▋     | 177/378 [00:05<00:03, 61.95it/s]
 49%|████▊     | 184/378 [00:05<00:03, 62.65it/s]
 51%|█████     | 191/378 [00:05<00:02, 64.39it/s]
 53%|█████▎    | 199/378 [00:05<00:02, 68.35it/s]
 54%|█████▍    | 206/378 [00:05<00:02, 67.49it/s]
 56%|█████▋    | 213/378 [00:05<00:02, 66.64it/s]
 58%|█████▊    | 220/378 [00:06<00:02, 67.39it/s]
 60%|██████    | 227/378 [00:06<00:02, 67.56it/s]
 62%|██████▏   | 234/378 [00:06<00:02, 66.36it/s]
 64%|██████▍   | 241/378 [00:06<00:02, 65.66it/s]
 66%|██████▌   | 248/378 [00:06<00:01, 66.48it/s]
 67%|██████▋   | 255/378 [00:06<00:02, 56.41it/s]
 69%|██████▉   | 262/378 [00:06<00:02, 57.13it/s]
 71%|███████   | 268/378 [00:06<00:02, 47.83it/s]
 72%|███████▏  | 274/378 [00:07<00:02, 49.58it/s]
 74%|███████▍  | 281/378 [00:07<00:01, 54.09it/s]
 76%|███████▌  | 287/378 [00:07<00:01, 55.32it/s]
 78%|███████▊  | 294/378 [00:07<00:01, 58.61it/s]
 80%|███████▉  | 301/378 [00:07<00:01, 60.60it/s]
 81%|████████▏ | 308/378 [00:07<00:01, 62.14it/s]
 83%|████████▎ | 315/378 [00:07<00:01, 62.65it/s]
 85%|████████▌ | 322/378 [00:07<00:00, 64.34it/s]
 87%|████████▋ | 329/378 [00:07<00:00, 63.47it/s]
 89%|████████▉ | 336/378 [00:07<00:00, 64.76it/s]
 91%|█████████ | 343/378 [00:08<00:00, 64.69it/s]
 93%|█████████▎| 350/378 [00:08<00:00, 64.99it/s]
 94%|█████████▍| 357/378 [00:08<00:00, 65.04it/s]
 96%|█████████▋| 364/378 [00:08<00:00, 63.61it/s]
 98%|█████████▊| 371/378 [00:08<00:00, 62.94it/s]
100%|██████████| 378/378 [00:08<00:00, 64.25it/s]
100%|██████████| 378/378 [00:08<00:00, 43.84it/s]
