
0it [00:00, ?it/s]
164it [00:00, 10103.05it/s]

  0%|          | 0/164 [00:00<?, ?it/s]
  4%|▎         | 6/164 [00:00<00:02, 54.50it/s]
 10%|▉         | 16/164 [00:00<00:01, 77.20it/s]
 16%|█▌        | 26/164 [00:00<00:01, 84.67it/s]
 21%|██▏       | 35/164 [00:00<00:02, 57.00it/s]
 26%|██▌       | 42/164 [00:00<00:02, 50.25it/s]
 29%|██▉       | 48/164 [00:00<00:02, 51.16it/s]
 35%|███▍      | 57/164 [00:00<00:01, 60.26it/s]
 39%|███▉      | 64/164 [00:01<00:01, 57.42it/s]
 45%|████▍     | 73/164 [00:01<00:01, 64.94it/s]
 50%|█████     | 82/164 [00:01<00:01, 70.81it/s]
 56%|█████▌    | 92/164 [00:01<00:00, 78.06it/s]
 62%|██████▏   | 102/164 [00:01<00:00, 82.82it/s]
 68%|██████▊   | 112/164 [00:01<00:00, 87.15it/s]
 74%|███████▍  | 122/164 [00:01<00:00, 85.59it/s]
 80%|████████  | 132/164 [00:01<00:00, 84.46it/s]
 87%|████████▋ | 143/164 [00:01<00:00, 90.38it/s]
 94%|█████████▍| 154/164 [00:02<00:00, 92.25it/s]
100%|██████████| 164/164 [00:02<00:00, 42.64it/s]
100%|██████████| 164/164 [00:02<00:00, 62.83it/s]
