
0it [00:00, ?it/s]
378it [00:00, 15816.19it/s]

  0%|          | 0/378 [00:00<?, ?it/s]
  1%|▏         | 5/378 [00:00<00:09, 40.27it/s]
  3%|▎         | 11/378 [00:00<00:07, 46.54it/s]
  4%|▍         | 17/378 [00:00<00:07, 48.68it/s]
  6%|▌         | 23/378 [00:00<00:07, 49.59it/s]
  8%|▊         | 29/378 [00:00<00:06, 50.09it/s]
  9%|▉         | 35/378 [00:00<00:06, 49.67it/s]
 11%|█         | 41/378 [00:00<00:06, 49.35it/s]
 12%|█▏        | 47/378 [00:00<00:06, 49.99it/s]
 14%|█▍        | 53/378 [00:01<00:06, 49.95it/s]
 16%|█▌        | 59/378 [00:01<00:06, 50.18it/s]
 17%|█▋        | 65/378 [00:01<00:06, 50.24it/s]
 19%|█▉        | 71/378 [00:01<00:06, 50.74it/s]
 20%|██        | 77/378 [00:03<00:34,  8.76it/s]
 21%|██▏       | 81/378 [00:03<00:28, 10.34it/s]
 22%|██▏       | 85/378 [00:03<00:24, 12.20it/s]
 24%|██▎       | 89/378 [00:03<00:20, 14.27it/s]
 25%|██▍       | 93/378 [00:03<00:17, 16.44it/s]
 25%|██▌       | 96/378 [00:04<00:15, 18.15it/s]
 26%|██▌       | 99/378 [00:04<00:14, 19.83it/s]
 27%|██▋       | 102/378 [00:04<00:13, 21.23it/s]
 28%|██▊       | 106/378 [00:04<00:11, 24.44it/s]
 29%|██▉       | 110/378 [00:04<00:10, 25.40it/s]
 30%|██▉       | 113/378 [00:04<00:10, 25.71it/s]
 31%|███       | 116/378 [00:04<00:10, 25.91it/s]
 32%|███▏      | 121/378 [00:04<00:08, 31.28it/s]
 34%|███▎      | 127/378 [00:05<00:06, 38.19it/s]
 35%|███▌      | 133/378 [00:05<00:05, 43.28it/s]
 37%|███▋      | 139/378 [00:05<00:05, 45.31it/s]
 38%|███▊      | 145/378 [00:05<00:04, 48.86it/s]
 40%|████      | 152/378 [00:05<00:04, 50.12it/s]
 42%|████▏     | 158/378 [00:05<00:04, 52.21it/s]
 43%|████▎     | 164/378 [00:05<00:03, 53.74it/s]
 45%|████▍     | 170/378 [00:05<00:03, 54.05it/s]
 47%|████▋     | 176/378 [00:05<00:03, 52.51it/s]
 48%|████▊     | 182/378 [00:06<00:03, 54.03it/s]
 50%|█████     | 189/378 [00:06<00:03, 53.51it/s]
 52%|█████▏    | 195/378 [00:06<00:03, 55.15it/s]
 53%|█████▎    | 201/378 [00:06<00:03, 55.53it/s]
 55%|█████▍    | 207/378 [00:06<00:03, 55.15it/s]
 56%|█████▋    | 213/378 [00:06<00:03, 52.76it/s]
 58%|█████▊    | 219/378 [00:06<00:03, 52.52it/s]
 60%|█████▉    | 225/378 [00:06<00:02, 54.03it/s]
 61%|██████    | 231/378 [00:06<00:02, 55.69it/s]
 63%|██████▎   | 237/378 [00:07<00:02, 53.42it/s]
 64%|██████▍   | 243/378 [00:07<00:02, 52.78it/s]
 66%|██████▌   | 249/378 [00:07<00:02, 51.38it/s]
 67%|██████▋   | 255/378 [00:07<00:02, 47.94it/s]
 69%|██████▉   | 260/378 [00:07<00:02, 47.08it/s]
 70%|███████   | 265/378 [00:07<00:03, 35.45it/s]
 72%|███████▏  | 271/378 [00:07<00:02, 38.97it/s]
 73%|███████▎  | 277/378 [00:08<00:02, 42.59it/s]
 75%|███████▍  | 282/378 [00:08<00:02, 44.37it/s]
 76%|███████▋  | 289/378 [00:08<00:01, 48.35it/s]
 78%|███████▊  | 295/378 [00:08<00:01, 49.66it/s]
 80%|███████▉  | 301/378 [00:08<00:01, 51.64it/s]
 81%|████████  | 307/378 [00:08<00:01, 53.56it/s]
 83%|████████▎ | 313/378 [00:08<00:01, 52.45it/s]
 84%|████████▍ | 319/378 [00:08<00:01, 52.72it/s]
 86%|████████▌ | 326/378 [00:08<00:00, 54.51it/s]
 88%|████████▊ | 332/378 [00:09<00:00, 54.01it/s]
 89%|████████▉ | 338/378 [00:09<00:00, 55.41it/s]
 91%|█████████ | 344/378 [00:09<00:00, 55.22it/s]
 93%|█████████▎| 350/378 [00:09<00:00, 53.83it/s]
 94%|█████████▍| 356/378 [00:09<00:00, 54.77it/s]
 96%|█████████▌| 362/378 [00:09<00:00, 55.77it/s]
 97%|█████████▋| 368/378 [00:09<00:00, 53.60it/s]
 99%|█████████▉| 374/378 [00:09<00:00, 54.18it/s]
100%|██████████| 378/378 [00:09<00:00, 38.40it/s]
