
0it [00:00, ?it/s]
164it [00:00, 11882.50it/s]

  0%|          | 0/164 [00:00<?, ?it/s]
  4%|▎         | 6/164 [00:00<00:02, 53.33it/s]
 11%|█         | 18/164 [00:00<00:01, 89.93it/s]
 18%|█▊        | 30/164 [00:00<00:01, 99.95it/s]
 25%|██▌       | 41/164 [00:00<00:02, 54.13it/s]
 30%|██▉       | 49/164 [00:00<00:02, 54.56it/s]
 35%|███▌      | 58/164 [00:00<00:01, 56.01it/s]
 41%|████▏     | 68/164 [00:01<00:01, 64.94it/s]
 48%|████▊     | 78/164 [00:01<00:01, 71.58it/s]
 54%|█████▎    | 88/164 [00:01<00:00, 76.89it/s]
 60%|█████▉    | 98/164 [00:01<00:00, 80.98it/s]
 66%|██████▌   | 108/164 [00:01<00:00, 84.41it/s]
 72%|███████▏  | 118/164 [00:01<00:00, 88.54it/s]
 79%|███████▉  | 130/164 [00:01<00:00, 95.90it/s]
 85%|████████▌ | 140/164 [00:01<00:00, 96.23it/s]
 91%|█████████▏| 150/164 [00:01<00:00, 91.39it/s]
 98%|█████████▊| 160/164 [00:02<00:00, 87.07it/s]
100%|██████████| 164/164 [00:02<00:00, 65.44it/s]
