
0it [00:00, ?it/s]
378it [00:00, 18591.29it/s]

  0%|          | 0/378 [00:00<?, ?it/s]
  1%|▏         | 5/378 [00:00<00:09, 39.88it/s]
  3%|▎         | 11/378 [00:00<00:07, 46.90it/s]
  4%|▍         | 17/378 [00:00<00:07, 48.79it/s]
  6%|▌         | 23/378 [00:00<00:06, 50.96it/s]
  8%|▊         | 29/378 [00:00<00:06, 52.02it/s]
  9%|▉         | 35/378 [00:00<00:06, 52.60it/s]
 11%|█         | 41/378 [00:00<00:06, 53.37it/s]
 12%|█▏        | 47/378 [00:00<00:06, 53.41it/s]
 14%|█▍        | 53/378 [00:01<00:06, 52.75it/s]
 16%|█▌        | 59/378 [00:01<00:06, 52.73it/s]
 17%|█▋        | 65/378 [00:01<00:05, 52.80it/s]
 19%|█▉        | 71/378 [00:03<00:33,  9.20it/s]
 20%|██        | 76/378 [00:03<00:29, 10.24it/s]
 21%|██        | 80/378 [00:03<00:24, 12.16it/s]
 22%|██▏       | 84/378 [00:03<00:20, 14.31it/s]
 23%|██▎       | 88/378 [00:03<00:17, 16.69it/s]
 24%|██▍       | 92/378 [00:03<00:15, 18.84it/s]
 25%|██▌       | 96/378 [00:04<00:13, 20.91it/s]
 26%|██▋       | 100/378 [00:04<00:11, 23.53it/s]
 28%|██▊       | 104/378 [00:04<00:10, 24.94it/s]
 29%|██▊       | 108/378 [00:04<00:09, 27.98it/s]
 30%|██▉       | 112/378 [00:04<00:09, 28.18it/s]
 31%|███       | 116/378 [00:04<00:09, 28.36it/s]
 32%|███▏      | 120/378 [00:04<00:09, 28.50it/s]
 33%|███▎      | 125/378 [00:05<00:07, 33.02it/s]
 34%|███▍      | 130/378 [00:05<00:06, 37.10it/s]
 36%|███▌      | 135/378 [00:05<00:06, 40.41it/s]
 37%|███▋      | 141/378 [00:05<00:05, 45.42it/s]
 39%|███▉      | 148/378 [00:05<00:04, 48.98it/s]
 41%|████      | 154/378 [00:05<00:04, 50.97it/s]
 42%|████▏     | 160/378 [00:05<00:04, 50.17it/s]
 44%|████▍     | 166/378 [00:05<00:04, 52.52it/s]
 46%|████▌     | 173/378 [00:05<00:03, 53.56it/s]
 48%|████▊     | 180/378 [00:06<00:03, 54.01it/s]
 49%|████▉     | 187/378 [00:06<00:03, 53.32it/s]
 51%|█████▏    | 194/378 [00:06<00:03, 54.27it/s]
 53%|█████▎    | 201/378 [00:06<00:03, 55.46it/s]
 55%|█████▍    | 207/378 [00:06<00:03, 55.79it/s]
 57%|█████▋    | 214/378 [00:06<00:02, 56.10it/s]
 58%|█████▊    | 220/378 [00:06<00:02, 56.40it/s]
 60%|█████▉    | 226/378 [00:06<00:02, 57.23it/s]
 61%|██████▏   | 232/378 [00:06<00:02, 55.30it/s]
 63%|██████▎   | 238/378 [00:07<00:02, 55.99it/s]
 65%|██████▍   | 245/378 [00:07<00:02, 55.84it/s]
 67%|██████▋   | 252/378 [00:07<00:02, 55.29it/s]
 68%|██████▊   | 258/378 [00:07<00:02, 55.13it/s]
 70%|██████▉   | 264/378 [00:07<00:02, 43.21it/s]
 71%|███████   | 269/378 [00:07<00:02, 40.21it/s]
 73%|███████▎  | 275/378 [00:07<00:02, 42.70it/s]
 74%|███████▍  | 281/378 [00:08<00:02, 46.76it/s]
 76%|███████▌  | 287/378 [00:08<00:01, 47.97it/s]
 78%|███████▊  | 293/378 [00:08<00:01, 50.13it/s]
 79%|███████▉  | 300/378 [00:08<00:01, 51.08it/s]
 81%|████████  | 307/378 [00:08<00:01, 53.84it/s]
 83%|████████▎ | 313/378 [00:08<00:01, 54.86it/s]
 85%|████████▍ | 320/378 [00:08<00:01, 55.44it/s]
 87%|████████▋ | 327/378 [00:08<00:00, 56.00it/s]
 88%|████████▊ | 334/378 [00:08<00:00, 55.20it/s]
 90%|█████████ | 341/378 [00:09<00:00, 55.32it/s]
 92%|█████████▏| 347/378 [00:09<00:00, 56.12it/s]
 93%|█████████▎| 353/378 [00:09<00:00, 54.80it/s]
 95%|█████████▍| 359/378 [00:09<00:00, 53.33it/s]
 97%|█████████▋| 365/378 [00:09<00:00, 54.39it/s]
 98%|█████████▊| 371/378 [00:09<00:00, 54.19it/s]
100%|█████████▉| 377/378 [00:09<00:00, 53.30it/s]
100%|██████████| 378/378 [00:09<00:00, 38.68it/s]
