
0it [00:00, ?it/s]
378it [00:00, 18768.02it/s]

  0%|          | 0/378 [00:00<?, ?it/s]
  1%|▏         | 5/378 [00:00<00:07, 48.17it/s]
  3%|▎         | 11/378 [00:00<00:06, 54.27it/s]
  4%|▍         | 17/378 [00:00<00:06, 56.70it/s]
  6%|▌         | 23/378 [00:00<00:06, 57.96it/s]
  8%|▊         | 29/378 [00:00<00:05, 58.64it/s]
  9%|▉         | 35/378 [00:00<00:05, 58.83it/s]
 11%|█         | 41/378 [00:00<00:05, 59.02it/s]
 13%|█▎        | 49/378 [00:00<00:05, 59.09it/s]
 15%|█▍        | 55/378 [00:00<00:05, 59.05it/s]
 17%|█▋        | 63/378 [00:01<00:05, 59.40it/s]
 19%|█▉        | 71/378 [00:01<00:05, 59.57it/s]
 20%|██        | 77/378 [00:03<00:31,  9.67it/s]
 22%|██▏       | 82/378 [00:03<00:25, 11.65it/s]
 23%|██▎       | 86/378 [00:03<00:21, 13.52it/s]
 24%|██▍       | 90/378 [00:03<00:18, 15.71it/s]
 25%|██▍       | 94/378 [00:03<00:15, 17.94it/s]
 26%|██▌       | 98/378 [00:03<00:13, 20.24it/s]
 27%|██▋       | 102/378 [00:04<00:12, 22.40it/s]
 28%|██▊       | 106/378 [00:04<00:11, 24.59it/s]
 29%|██▉       | 111/378 [00:04<00:09, 28.34it/s]
 30%|███       | 115/378 [00:04<00:08, 29.44it/s]
 31%|███▏      | 119/378 [00:04<00:08, 30.15it/s]
 33%|███▎      | 123/378 [00:04<00:08, 30.53it/s]
 34%|███▍      | 129/378 [00:04<00:06, 35.82it/s]
 36%|███▌      | 136/378 [00:04<00:05, 42.94it/s]
 38%|███▊      | 143/378 [00:05<00:04, 48.56it/s]
 40%|███▉      | 150/378 [00:05<00:04, 52.44it/s]
 42%|████▏     | 157/378 [00:05<00:03, 55.33it/s]
 43%|████▎     | 164/378 [00:05<00:03, 57.05it/s]
 45%|████▍     | 170/378 [00:05<00:03, 57.28it/s]
 47%|████▋     | 177/378 [00:05<00:03, 56.84it/s]
 49%|████▊     | 184/378 [00:05<00:03, 58.36it/s]
 51%|█████     | 191/378 [00:05<00:03, 58.48it/s]
 52%|█████▏    | 198/378 [00:05<00:03, 59.40it/s]
 54%|█████▍    | 205/378 [00:06<00:02, 60.57it/s]
 56%|█████▌    | 212/378 [00:06<00:02, 61.02it/s]
 58%|█████▊    | 219/378 [00:06<00:02, 61.46it/s]
 60%|█████▉    | 226/378 [00:06<00:02, 61.40it/s]
 62%|██████▏   | 233/378 [00:06<00:02, 61.54it/s]
 63%|██████▎   | 240/378 [00:06<00:02, 61.18it/s]
 65%|██████▌   | 247/378 [00:06<00:02, 61.58it/s]
 67%|██████▋   | 254/378 [00:06<00:02, 60.95it/s]
 69%|██████▉   | 261/378 [00:06<00:02, 53.88it/s]
 71%|███████   | 267/378 [00:07<00:02, 45.30it/s]
 72%|███████▏  | 272/378 [00:07<00:02, 44.73it/s]
 74%|███████▍  | 279/378 [00:07<00:02, 49.03it/s]
 75%|███████▌  | 285/378 [00:07<00:01, 50.89it/s]
 77%|███████▋  | 292/378 [00:07<00:01, 54.05it/s]
 79%|███████▉  | 299/378 [00:07<00:01, 55.68it/s]
 81%|████████  | 306/378 [00:07<00:01, 56.86it/s]
 83%|████████▎ | 313/378 [00:07<00:01, 57.66it/s]
 85%|████████▍ | 320/378 [00:08<00:01, 57.83it/s]
 87%|████████▋ | 327/378 [00:08<00:00, 57.78it/s]
 88%|████████▊ | 334/378 [00:08<00:00, 59.27it/s]
 90%|█████████ | 341/378 [00:08<00:00, 59.93it/s]
 92%|█████████▏| 348/378 [00:08<00:00, 60.84it/s]
 94%|█████████▍| 355/378 [00:08<00:00, 61.54it/s]
 96%|█████████▌| 362/378 [00:08<00:00, 61.74it/s]
 98%|█████████▊| 369/378 [00:08<00:00, 61.40it/s]
 99%|█████████▉| 376/378 [00:09<00:00, 61.03it/s]
100%|██████████| 378/378 [00:09<00:00, 41.71it/s]
