
0it [00:00, ?it/s]
164it [00:00, 10501.77it/s]

  0%|          | 0/164 [00:00<?, ?it/s]
  4%|▎         | 6/164 [00:00<00:02, 55.63it/s]
 10%|▉         | 16/164 [00:00<00:01, 75.88it/s]
 15%|█▌        | 25/164 [00:00<00:01, 79.86it/s]
 20%|██        | 33/164 [00:00<00:02, 47.57it/s]
 24%|██▍       | 39/164 [00:00<00:02, 49.23it/s]
 27%|██▋       | 45/164 [00:00<00:02, 50.22it/s]
 31%|███       | 51/164 [00:00<00:02, 50.82it/s]
 35%|███▌      | 58/164 [00:01<00:02, 52.23it/s]
 41%|████      | 67/164 [00:01<00:01, 60.66it/s]
 46%|████▌     | 75/164 [00:01<00:01, 64.82it/s]
 51%|█████     | 83/164 [00:01<00:01, 67.31it/s]
 55%|█████▌    | 91/164 [00:01<00:01, 70.60it/s]
 60%|██████    | 99/164 [00:01<00:00, 72.89it/s]
 65%|██████▌   | 107/164 [00:01<00:00, 73.93it/s]
 70%|███████   | 115/164 [00:01<00:00, 74.56it/s]
 75%|███████▌  | 123/164 [00:01<00:00, 74.88it/s]
 80%|███████▉  | 131/164 [00:02<00:00, 75.43it/s]
 85%|████████▍ | 139/164 [00:02<00:00, 71.87it/s]
 90%|████████▉ | 147/164 [00:02<00:00, 72.73it/s]
 95%|█████████▌| 156/164 [00:02<00:00, 77.27it/s]
100%|██████████| 164/164 [00:02<00:00, 67.33it/s]
