
0it [00:00, ?it/s]
378it [00:00, 23612.99it/s]

  0%|          | 0/378 [00:00<?, ?it/s]
  2%|▏         | 7/378 [00:00<00:05, 65.35it/s]
  4%|▍         | 17/378 [00:00<00:04, 74.53it/s]
  7%|▋         | 25/378 [00:00<00:04, 76.09it/s]
  9%|▊         | 33/378 [00:00<00:04, 77.01it/s]
 11%|█         | 41/378 [00:00<00:04, 77.05it/s]
 13%|█▎        | 49/378 [00:00<00:04, 77.11it/s]
 15%|█▌        | 57/378 [00:00<00:04, 77.30it/s]
 17%|█▋        | 65/378 [00:00<00:04, 76.75it/s]
 19%|█▉        | 73/378 [00:00<00:03, 76.92it/s]
 21%|██▏       | 81/378 [00:01<00:03, 77.09it/s]
 24%|██▎       | 89/378 [00:01<00:03, 77.52it/s]
 26%|██▌       | 97/378 [00:01<00:03, 76.86it/s]
 28%|██▊       | 105/378 [00:01<00:03, 76.06it/s]
 30%|██▉       | 113/378 [00:01<00:03, 76.67it/s]
 32%|███▏      | 121/378 [00:03<00:23, 11.09it/s]
 34%|███▎      | 127/378 [00:03<00:18, 13.69it/s]
 35%|███▌      | 133/378 [00:03<00:14, 16.83it/s]
 37%|███▋      | 139/378 [00:04<00:11, 20.32it/s]
 38%|███▊      | 145/378 [00:04<00:09, 24.02it/s]
 40%|███▉      | 150/378 [00:04<00:08, 27.36it/s]
 41%|████      | 155/378 [00:04<00:07, 30.17it/s]
 42%|████▏     | 160/378 [00:04<00:06, 33.50it/s]
 44%|████▎     | 165/378 [00:04<00:05, 36.84it/s]
 45%|████▍     | 170/378 [00:04<00:05, 38.33it/s]
 47%|████▋     | 176/378 [00:04<00:04, 42.57it/s]
 48%|████▊     | 181/378 [00:04<00:04, 44.06it/s]
 49%|████▉     | 186/378 [00:04<00:04, 45.21it/s]
 51%|█████     | 191/378 [00:05<00:04, 46.14it/s]
 52%|█████▏    | 196/378 [00:05<00:03, 46.50it/s]
 54%|█████▍    | 204/378 [00:05<00:03, 54.52it/s]
 56%|█████▌    | 211/378 [00:05<00:02, 58.72it/s]
 58%|█████▊    | 219/378 [00:05<00:02, 62.05it/s]
 60%|██████    | 227/378 [00:05<00:02, 64.84it/s]
 62%|██████▏   | 235/378 [00:05<00:02, 66.82it/s]
 64%|██████▍   | 243/378 [00:05<00:01, 68.79it/s]
 66%|██████▋   | 251/378 [00:05<00:01, 71.32it/s]
 69%|██████▊   | 259/378 [00:06<00:01, 72.34it/s]
 71%|███████   | 267/378 [00:06<00:01, 73.05it/s]
 73%|███████▎  | 275/378 [00:06<00:01, 72.48it/s]
 75%|███████▍  | 283/378 [00:06<00:01, 72.06it/s]
 77%|███████▋  | 291/378 [00:06<00:01, 66.53it/s]
 79%|███████▉  | 298/378 [00:06<00:01, 61.64it/s]
 81%|████████  | 305/378 [00:06<00:01, 53.21it/s]
 82%|████████▏ | 311/378 [00:06<00:01, 53.25it/s]
 84%|████████▍ | 319/378 [00:07<00:01, 55.96it/s]
 86%|████████▌ | 326/378 [00:07<00:00, 58.59it/s]
 88%|████████▊ | 333/378 [00:07<00:00, 60.30it/s]
 90%|█████████ | 341/378 [00:07<00:00, 64.63it/s]
 92%|█████████▏| 349/378 [00:07<00:00, 67.52it/s]
 94%|█████████▍| 357/378 [00:07<00:00, 69.54it/s]
 97%|█████████▋| 365/378 [00:07<00:00, 70.40it/s]
 99%|█████████▊| 373/378 [00:07<00:00, 70.98it/s]
100%|██████████| 378/378 [00:07<00:00, 47.74it/s]
