
0it [00:00, ?it/s]
164it [00:00, 9975.72it/s]

  0%|          | 0/164 [00:00<?, ?it/s]
  4%|▎         | 6/164 [00:00<00:02, 59.83it/s]
  9%|▉         | 15/164 [00:00<00:01, 76.02it/s]
 15%|█▌        | 25/164 [00:00<00:01, 83.16it/s]
 21%|██        | 34/164 [00:00<00:02, 54.68it/s]
 25%|██▌       | 41/164 [00:00<00:02, 52.02it/s]
 29%|██▊       | 47/164 [00:00<00:02, 50.95it/s]
 35%|███▍      | 57/164 [00:00<00:01, 60.65it/s]
 39%|███▉      | 64/164 [00:01<00:01, 58.92it/s]
 46%|████▌     | 75/164 [00:01<00:01, 70.56it/s]
 52%|█████▏    | 86/164 [00:01<00:00, 79.60it/s]
 58%|█████▊    | 95/164 [00:01<00:00, 81.91it/s]
 63%|██████▎   | 104/164 [00:01<00:00, 82.87it/s]
 70%|██████▉   | 114/164 [00:01<00:00, 85.51it/s]
 75%|███████▌  | 123/164 [00:01<00:00, 85.41it/s]
 81%|████████  | 133/164 [00:01<00:00, 87.20it/s]
 87%|████████▋ | 142/164 [00:01<00:00, 87.80it/s]
 93%|█████████▎| 153/164 [00:02<00:00, 90.95it/s]
100%|██████████| 164/164 [00:02<00:00, 95.93it/s]
100%|██████████| 164/164 [00:02<00:00, 76.62it/s]
