
0it [00:00, ?it/s]
378it [00:00, 22707.96it/s]

  0%|          | 0/378 [00:00<?, ?it/s]
  2%|▏         | 7/378 [00:00<00:05, 69.14it/s]
  4%|▍         | 16/378 [00:00<00:04, 81.35it/s]
  7%|▋         | 25/378 [00:00<00:04, 76.68it/s]
  9%|▊         | 33/378 [00:00<00:04, 77.33it/s]
 11%|█         | 41/378 [00:00<00:04, 77.84it/s]
 13%|█▎        | 49/378 [00:00<00:04, 78.17it/s]
 15%|█▌        | 57/378 [00:00<00:04, 78.01it/s]
 18%|█▊        | 67/378 [00:00<00:03, 78.69it/s]
 20%|█▉        | 75/378 [00:00<00:03, 78.40it/s]
 22%|██▏       | 83/378 [00:01<00:03, 78.43it/s]
 25%|██▍       | 93/378 [00:01<00:03, 78.75it/s]
 27%|██▋       | 101/378 [00:01<00:03, 78.46it/s]
 29%|██▉       | 109/378 [00:01<00:03, 76.91it/s]
 31%|███       | 117/378 [00:03<00:18, 13.98it/s]
 33%|███▎      | 123/378 [00:03<00:19, 13.28it/s]
 34%|███▍      | 129/378 [00:03<00:15, 16.36it/s]
 36%|███▌      | 135/378 [00:03<00:12, 19.93it/s]
 37%|███▋      | 140/378 [00:03<00:10, 23.25it/s]
 38%|███▊      | 145/378 [00:04<00:08, 26.85it/s]
 40%|███▉      | 150/378 [00:04<00:07, 30.22it/s]
 41%|████      | 155/378 [00:04<00:06, 32.73it/s]
 43%|████▎     | 161/378 [00:04<00:05, 36.80it/s]
 44%|████▍     | 166/378 [00:04<00:05, 39.53it/s]
 45%|████▌     | 171/378 [00:04<00:04, 41.77it/s]
 47%|████▋     | 177/378 [00:04<00:04, 44.97it/s]
 48%|████▊     | 182/378 [00:04<00:04, 45.58it/s]
 50%|████▉     | 188/378 [00:04<00:04, 47.48it/s]
 51%|█████▏    | 194/378 [00:05<00:03, 48.32it/s]
 53%|█████▎    | 199/378 [00:05<00:03, 48.48it/s]
 55%|█████▍    | 207/378 [00:05<00:03, 56.63it/s]
 57%|█████▋    | 215/378 [00:05<00:02, 62.20it/s]
 59%|█████▊    | 222/378 [00:05<00:02, 62.61it/s]
 61%|██████    | 230/378 [00:05<00:02, 67.03it/s]
 63%|██████▎   | 238/378 [00:05<00:02, 69.42it/s]
 65%|██████▍   | 245/378 [00:05<00:01, 68.60it/s]
 67%|██████▋   | 253/378 [00:05<00:01, 70.61it/s]
 69%|██████▉   | 261/378 [00:06<00:01, 71.90it/s]
 71%|███████   | 269/378 [00:06<00:01, 73.25it/s]
 73%|███████▎  | 277/378 [00:06<00:01, 72.60it/s]
 75%|███████▌  | 285/378 [00:06<00:01, 72.02it/s]
 78%|███████▊  | 293/378 [00:06<00:01, 66.85it/s]
 79%|███████▉  | 300/378 [00:06<00:01, 60.97it/s]
 81%|████████  | 307/378 [00:06<00:01, 54.50it/s]
 83%|████████▎ | 314/378 [00:06<00:01, 56.28it/s]
 85%|████████▍ | 321/378 [00:07<00:00, 58.66it/s]
 87%|████████▋ | 328/378 [00:07<00:00, 60.17it/s]
 89%|████████▊ | 335/378 [00:07<00:00, 60.05it/s]
 91%|█████████ | 343/378 [00:07<00:00, 63.68it/s]
 93%|█████████▎| 351/378 [00:07<00:00, 66.94it/s]
 95%|█████████▍| 358/378 [00:07<00:00, 67.65it/s]
 97%|█████████▋| 366/378 [00:07<00:00, 68.83it/s]
 99%|█████████▉| 374/378 [00:07<00:00, 70.48it/s]
100%|██████████| 378/378 [00:07<00:00, 48.21it/s]
